
> udbhavi@1.0.0 start
> node src/server.js

{"level":"info","time":"2026-05-06T13:40:33.786Z","message":"Connecting database","database":"udbhavi"}
{"level":"info","time":"2026-05-06T13:40:34.845Z","message":"Database connected","database":"udbhavi","host":"ac-sxrhsiv-shard-00-00.wdem40x.mongodb.net"}
{"level":"info","time":"2026-05-06T13:40:34.877Z","message":"API server listening","url":"http://localhost:4000","nodeEnv":"development"}
{"level":"info","time":"2026-05-06T13:40:40.041Z","message":"HTTP request","request":"47c58dab-8b8d-463a-b5d5-f84d786cdd98 GET /api/v1/health 200 14.462 ms 114"}
{"level":"info","time":"2026-05-06T13:41:03.234Z","message":"HTTP request","request":"76ffe197-55d9-4c24-b809-9deab7a90c12 GET /api/v1/health 200 2.283 ms 114"}
{"level":"debug","time":"2026-05-06T13:44:04.077Z","message":"Authenticated user synced","requestId":"e09d18a7-00ef-47c1-86a4-90f210ba0ae6","module":"users","userId":"69fb3e33fbf4e54f67899a62"}
{"level":"info","time":"2026-05-06T13:44:04.155Z","message":"HTTP request","request":"e09d18a7-00ef-47c1-86a4-90f210ba0ae6 GET /api/v1/me/context 200 921.321 ms 3572"}
{"level":"debug","time":"2026-05-06T13:44:06.156Z","message":"Authenticated user synced","requestId":"245076b0-e6a0-4b9e-aac1-285afa210e35","module":"users","userId":"69fb3e33fbf4e54f67899a62"}
{"level":"debug","time":"2026-05-06T13:44:06.184Z","message":"Authenticated user synced","requestId":"245076b0-e6a0-4b9e-aac1-285afa210e35","module":"users","userId":"69fb3e33fbf4e54f67899a62"}
{"level":"debug","time":"2026-05-06T13:44:06.212Z","message":"Authenticated user synced","requestId":"245076b0-e6a0-4b9e-aac1-285afa210e35","module":"users","userId":"69fb3e33fbf4e54f67899a62"}
{"level":"debug","time":"2026-05-06T13:44:13.031Z","message":"Authenticated user synced","requestId":"f4f9c513-95e6-4dca-8466-22786f9470fe","module":"users","userId":"69fb3e33fbf4e54f67899a62"}
{"level":"debug","time":"2026-05-06T13:44:13.057Z","message":"Authenticated user synced","requestId":"f4f9c513-95e6-4dca-8466-22786f9470fe","module":"users","userId":"69fb3e33fbf4e54f67899a62"}
{"level":"info","time":"2026-05-06T13:44:13.087Z","message":"HTTP request","request":"f4f9c513-95e6-4dca-8466-22786f9470fe GET /api/v1/resumes/69fb3e41f98907ac3bcbde6e 304 83.237 ms -"}
{"level":"debug","time":"2026-05-06T13:44:13.188Z","message":"Authenticated user synced","requestId":"daf436b5-f208-480b-820b-6ad4b7283962","module":"users","userId":"69fb3e33fbf4e54f67899a62"}
{"level":"debug","time":"2026-05-06T13:44:13.216Z","message":"Authenticated user synced","requestId":"daf436b5-f208-480b-820b-6ad4b7283962","module":"users","userId":"69fb3e33fbf4e54f67899a62"}
{"level":"info","time":"2026-05-06T13:44:13.313Z","message":"HTTP request","request":"daf436b5-f208-480b-820b-6ad4b7283962 GET /api/v1/resumes/69fb3e41f98907ac3bcbde6e/source-file 200 153.718 ms 162526"}
{"level":"info","time":"2026-05-06T13:44:25.068Z","message":"resume.version.created","requestId":"245076b0-e6a0-4b9e-aac1-285afa210e35","module":"versions","userId":"69fb3e33fbf4e54f67899a62","projectId":"69fb3e52f98907ac3bcbde81","versionId":"69fb45b9fe6f6cd43988ae4b","versionNumber":1,"source":"initial_generation"}
{"level":"info","time":"2026-05-06T13:44:25.110Z","message":"latex.compile.started","requestId":"245076b0-e6a0-4b9e-aac1-285afa210e35","module":"render","projectId":"69fb3e52f98907ac3bcbde81","compiler":"node-tectonic"}
{"level":"debug","time":"2026-05-06T13:44:26.633Z","message":"Authenticated user synced","requestId":"87dcc4ce-e38e-4e3b-ae94-f7eff310116b","module":"users","userId":"69fb3e33fbf4e54f67899a62"}
{"level":"debug","time":"2026-05-06T13:44:26.660Z","message":"Authenticated user synced","requestId":"87dcc4ce-e38e-4e3b-ae94-f7eff310116b","module":"users","userId":"69fb3e33fbf4e54f67899a62"}
{"level":"debug","time":"2026-05-06T13:44:26.685Z","message":"Authenticated user synced","requestId":"87dcc4ce-e38e-4e3b-ae94-f7eff310116b","module":"users","userId":"69fb3e33fbf4e54f67899a62"}
{"level":"info","time":"2026-05-06T13:44:26.748Z","message":"project.created","requestId":"87dcc4ce-e38e-4e3b-ae94-f7eff310116b","module":"projects","userId":"69fb3e33fbf4e54f67899a62","projectId":"69fb45bafe6f6cd43988ae4c","resumeId":"69fb3e41f98907ac3bcbde6e"}
{"level":"info","time":"2026-05-06T13:44:26.751Z","message":"HTTP request","request":"87dcc4ce-e38e-4e3b-ae94-f7eff310116b POST /api/v1/projects 201 142.534 ms 257"}
{"level":"info","time":"2026-05-06T13:44:33.366Z","message":"latex.compile.completed","requestId":"245076b0-e6a0-4b9e-aac1-285afa210e35","module":"render","projectId":"69fb3e52f98907ac3bcbde81","compiler":"node-tectonic","pdfBytes":25276}
{"level":"info","time":"2026-05-06T13:44:33.540Z","message":"project.pdf.cached","requestId":"245076b0-e6a0-4b9e-aac1-285afa210e35","module":"render","projectId":"69fb3e52f98907ac3bcbde81","fileId":"69fb45c1fe6f6cd43988ae4d","latexHash":"28bf7f07061a6eb8e668542d76bcb6a4a1bec880a27da832a2a5bc65e0f01f80","compiler":"node-tectonic","pageCount":1}
{"level":"info","time":"2026-05-06T13:44:33.545Z","message":"HTTP request","request":"245076b0-e6a0-4b9e-aac1-285afa210e35 POST /api/v1/projects/69fb3e52f98907ac3bcbde81/template 200 27415.034 ms 11744"}
{"level":"debug","time":"2026-05-06T13:44:36.570Z","message":"Authenticated user synced","requestId":"3a042490-d9be-47d0-a60d-6aa1787f1bb1","module":"users","userId":"69fb3e33fbf4e54f67899a62"}
{"level":"debug","time":"2026-05-06T13:44:36.599Z","message":"Authenticated user synced","requestId":"3a042490-d9be-47d0-a60d-6aa1787f1bb1","module":"users","userId":"69fb3e33fbf4e54f67899a62"}
{"level":"debug","time":"2026-05-06T13:44:36.624Z","message":"Authenticated user synced","requestId":"3a042490-d9be-47d0-a60d-6aa1787f1bb1","module":"users","userId":"69fb3e33fbf4e54f67899a62"}
{"level":"info","time":"2026-05-06T13:44:54.304Z","message":"resume.version.created","requestId":"3a042490-d9be-47d0-a60d-6aa1787f1bb1","module":"versions","userId":"69fb3e33fbf4e54f67899a62","projectId":"69fb45bafe6f6cd43988ae4c","versionId":"69fb45d6fe6f6cd43988ae51","versionNumber":1,"source":"initial_generation"}
{"level":"info","time":"2026-05-06T13:44:54.340Z","message":"latex.compile.started","requestId":"3a042490-d9be-47d0-a60d-6aa1787f1bb1","module":"render","projectId":"69fb45bafe6f6cd43988ae4c","compiler":"node-tectonic"}
{"level":"info","time":"2026-05-06T13:45:02.187Z","message":"latex.compile.completed","requestId":"3a042490-d9be-47d0-a60d-6aa1787f1bb1","module":"render","projectId":"69fb45bafe6f6cd43988ae4c","compiler":"node-tectonic","pdfBytes":25277}
{"level":"info","time":"2026-05-06T13:45:02.301Z","message":"project.pdf.cached","requestId":"3a042490-d9be-47d0-a60d-6aa1787f1bb1","module":"render","projectId":"69fb45bafe6f6cd43988ae4c","fileId":"69fb45defe6f6cd43988ae52","latexHash":"28bf7f07061a6eb8e668542d76bcb6a4a1bec880a27da832a2a5bc65e0f01f80","compiler":"node-tectonic","pageCount":1}
{"level":"info","time":"2026-05-06T13:45:02.306Z","message":"HTTP request","request":"3a042490-d9be-47d0-a60d-6aa1787f1bb1 POST /api/v1/projects/69fb45bafe6f6cd43988ae4c/template 200 25783.837 ms 11744"}
{"level":"debug","time":"2026-05-06T13:45:02.414Z","message":"Authenticated user synced","requestId":"e5a43c74-acea-4af2-97c0-bf82862c3a7d","module":"users","userId":"69fb3e33fbf4e54f67899a62"}
{"level":"debug","time":"2026-05-06T13:45:02.439Z","message":"Authenticated user synced","requestId":"e5a43c74-acea-4af2-97c0-bf82862c3a7d","module":"users","userId":"69fb3e33fbf4e54f67899a62"}
{"level":"debug","time":"2026-05-06T13:45:02.464Z","message":"Authenticated user synced","requestId":"e5a43c74-acea-4af2-97c0-bf82862c3a7d","module":"users","userId":"69fb3e33fbf4e54f67899a62"}
{"level":"info","time":"2026-05-06T13:45:02.547Z","message":"project.pdf.cache.hit","requestId":"e5a43c74-acea-4af2-97c0-bf82862c3a7d","module":"render","projectId":"69fb45bafe6f6cd43988ae4c","fileId":"69fb45defe6f6cd43988ae52","latexHash":"28bf7f07061a6eb8e668542d76bcb6a4a1bec880a27da832a2a5bc65e0f01f80"}
{"level":"info","time":"2026-05-06T13:45:02.550Z","message":"HTTP request","request":"e5a43c74-acea-4af2-97c0-bf82862c3a7d GET /api/v1/projects/69fb45bafe6f6cd43988ae4c/preview.pdf 200 175.356 ms 25277"}
{"level":"debug","time":"2026-05-06T13:45:38.741Z","message":"Authenticated user synced","requestId":"bcc8b32e-9394-4897-9c2e-fbe6ecf47d94","module":"users","userId":"69fb3e33fbf4e54f67899a62"}
{"level":"debug","time":"2026-05-06T13:45:38.766Z","message":"Authenticated user synced","requestId":"bcc8b32e-9394-4897-9c2e-fbe6ecf47d94","module":"users","userId":"69fb3e33fbf4e54f67899a62"}
{"level":"info","time":"2026-05-06T13:45:38.793Z","message":"HTTP request","request":"bcc8b32e-9394-4897-9c2e-fbe6ecf47d94 GET /api/v1/resumes/69fb3e41f98907ac3bcbde6e 304 78.366 ms -"}
{"level":"debug","time":"2026-05-06T13:45:38.886Z","message":"Authenticated user synced","requestId":"c0bc6d7d-555c-4d09-b426-30d641729d84","module":"users","userId":"69fb3e33fbf4e54f67899a62"}
{"level":"debug","time":"2026-05-06T13:45:38.913Z","message":"Authenticated user synced","requestId":"c0bc6d7d-555c-4d09-b426-30d641729d84","module":"users","userId":"69fb3e33fbf4e54f67899a62"}
{"level":"info","time":"2026-05-06T13:45:39.001Z","message":"HTTP request","request":"c0bc6d7d-555c-4d09-b426-30d641729d84 GET /api/v1/resumes/69fb3e41f98907ac3bcbde6e/source-file 200 143.930 ms 162526"}
{"level":"debug","time":"2026-05-06T13:45:43.435Z","message":"Authenticated user synced","requestId":"352aa77d-e911-4136-a77e-4311556a1d75","module":"users","userId":"69fb3e33fbf4e54f67899a62"}
{"level":"debug","time":"2026-05-06T13:45:43.464Z","message":"Authenticated user synced","requestId":"352aa77d-e911-4136-a77e-4311556a1d75","module":"users","userId":"69fb3e33fbf4e54f67899a62"}
{"level":"debug","time":"2026-05-06T13:45:43.488Z","message":"Authenticated user synced","requestId":"352aa77d-e911-4136-a77e-4311556a1d75","module":"users","userId":"69fb3e33fbf4e54f67899a62"}
{"level":"info","time":"2026-05-06T13:45:43.568Z","message":"project.pdf.cache.hit","requestId":"352aa77d-e911-4136-a77e-4311556a1d75","module":"render","projectId":"69fb3e52f98907ac3bcbde81","fileId":"69fb45c1fe6f6cd43988ae4d","latexHash":"28bf7f07061a6eb8e668542d76bcb6a4a1bec880a27da832a2a5bc65e0f01f80"}
{"level":"info","time":"2026-05-06T13:45:43.570Z","message":"HTTP request","request":"352aa77d-e911-4136-a77e-4311556a1d75 GET /api/v1/projects/69fb3e52f98907ac3bcbde81/preview.pdf 200 164.791 ms 25276"}
{"level":"debug","time":"2026-05-06T13:46:00.244Z","message":"Authenticated user synced","requestId":"13ca7862-74b8-40f9-b298-a176a870a9b7","module":"users","userId":"69fb3e33fbf4e54f67899a62"}
{"level":"debug","time":"2026-05-06T13:46:00.271Z","message":"Authenticated user synced","requestId":"13ca7862-74b8-40f9-b298-a176a870a9b7","module":"users","userId":"69fb3e33fbf4e54f67899a62"}
{"level":"debug","time":"2026-05-06T13:46:00.300Z","message":"Authenticated user synced","requestId":"13ca7862-74b8-40f9-b298-a176a870a9b7","module":"users","userId":"69fb3e33fbf4e54f67899a62"}
{"level":"info","time":"2026-05-06T13:46:00.417Z","message":"project.chat.context.loaded","requestId":"13ca7862-74b8-40f9-b298-a176a870a9b7","module":"projects","projectId":"69fb3e52f98907ac3bcbde81","resumeId":"69fb3e41f98907ac3bcbde6e","messageCount":1,"hasSourceDocument":true,"hasFallbackRawText":true}
{"level":"info","time":"2026-05-06T13:46:06.843Z","message":"resume.version.created","requestId":"13ca7862-74b8-40f9-b298-a176a870a9b7","module":"versions","userId":"69fb3e33fbf4e54f67899a62","projectId":"69fb3e52f98907ac3bcbde81","versionId":"69fb461efe6f6cd43988ae5b","versionNumber":2,"source":"chat_edit"}
{"level":"info","time":"2026-05-06T13:46:06.874Z","message":"latex.compile.started","requestId":"13ca7862-74b8-40f9-b298-a176a870a9b7","module":"render","projectId":"69fb3e52f98907ac3bcbde81","compiler":"node-tectonic"}
{"level":"info","time":"2026-05-06T13:46:15.762Z","message":"latex.compile.completed","requestId":"13ca7862-74b8-40f9-b298-a176a870a9b7","module":"render","projectId":"69fb3e52f98907ac3bcbde81","compiler":"node-tectonic","pdfBytes":25274}
{"level":"info","time":"2026-05-06T13:46:15.885Z","message":"project.pdf.cached","requestId":"13ca7862-74b8-40f9-b298-a176a870a9b7","module":"render","projectId":"69fb3e52f98907ac3bcbde81","fileId":"69fb4627fe6f6cd43988ae5c","latexHash":"28bf7f07061a6eb8e668542d76bcb6a4a1bec880a27da832a2a5bc65e0f01f80","compiler":"node-tectonic","pageCount":1}
{"level":"info","time":"2026-05-06T13:46:15.889Z","message":"HTTP request","request":"13ca7862-74b8-40f9-b298-a176a870a9b7 POST /api/v1/projects/69fb3e52f98907ac3bcbde81/messages 200 15673.256 ms 12374"}
{"level":"debug","time":"2026-05-06T13:46:15.984Z","message":"Authenticated user synced","requestId":"d2bde60c-e086-4f94-8527-a464abca8b8a","module":"users","userId":"69fb3e33fbf4e54f67899a62"}
{"level":"debug","time":"2026-05-06T13:46:16.010Z","message":"Authenticated user synced","requestId":"d2bde60c-e086-4f94-8527-a464abca8b8a","module":"users","userId":"69fb3e33fbf4e54f67899a62"}
{"level":"debug","time":"2026-05-06T13:46:16.036Z","message":"Authenticated user synced","requestId":"d2bde60c-e086-4f94-8527-a464abca8b8a","module":"users","userId":"69fb3e33fbf4e54f67899a62"}
{"level":"info","time":"2026-05-06T13:46:16.141Z","message":"project.pdf.cache.hit","requestId":"d2bde60c-e086-4f94-8527-a464abca8b8a","module":"render","projectId":"69fb3e52f98907ac3bcbde81","fileId":"69fb4627fe6f6cd43988ae5c","latexHash":"28bf7f07061a6eb8e668542d76bcb6a4a1bec880a27da832a2a5bc65e0f01f80"}
{"level":"info","time":"2026-05-06T13:46:16.145Z","message":"HTTP request","request":"d2bde60c-e086-4f94-8527-a464abca8b8a GET /api/v1/projects/69fb3e52f98907ac3bcbde81/preview.pdf 200 191.858 ms 25274"}
{"level":"debug","time":"2026-05-06T13:46:27.998Z","message":"Authenticated user synced","requestId":"e406b8bb-9c44-4387-a400-c7aae87229e7","module":"users","userId":"69fb3e33fbf4e54f67899a62"}
{"level":"debug","time":"2026-05-06T13:46:28.024Z","message":"Authenticated user synced","requestId":"e406b8bb-9c44-4387-a400-c7aae87229e7","module":"users","userId":"69fb3e33fbf4e54f67899a62"}
{"level":"debug","time":"2026-05-06T13:46:28.051Z","message":"Authenticated user synced","requestId":"e406b8bb-9c44-4387-a400-c7aae87229e7","module":"users","userId":"69fb3e33fbf4e54f67899a62"}
{"level":"info","time":"2026-05-06T13:46:28.139Z","message":"project.pdf.cache.hit","requestId":"e406b8bb-9c44-4387-a400-c7aae87229e7","module":"render","projectId":"69fb45bafe6f6cd43988ae4c","fileId":"69fb45defe6f6cd43988ae52","latexHash":"28bf7f07061a6eb8e668542d76bcb6a4a1bec880a27da832a2a5bc65e0f01f80"}
{"level":"info","time":"2026-05-06T13:46:28.141Z","message":"HTTP request","request":"e406b8bb-9c44-4387-a400-c7aae87229e7 GET /api/v1/projects/69fb45bafe6f6cd43988ae4c/preview.pdf 200 184.266 ms 25277"}
{"level":"debug","time":"2026-05-06T13:46:28.718Z","message":"Authenticated user synced","requestId":"de32f901-dfc0-46a9-8969-61034a389fdc","module":"users","userId":"69fb3e33fbf4e54f67899a62"}
{"level":"debug","time":"2026-05-06T13:46:28.745Z","message":"Authenticated user synced","requestId":"de32f901-dfc0-46a9-8969-61034a389fdc","module":"users","userId":"69fb3e33fbf4e54f67899a62"}
{"level":"debug","time":"2026-05-06T13:46:28.770Z","message":"Authenticated user synced","requestId":"de32f901-dfc0-46a9-8969-61034a389fdc","module":"users","userId":"69fb3e33fbf4e54f67899a62"}
{"level":"info","time":"2026-05-06T13:46:28.862Z","message":"project.pdf.cache.hit","requestId":"de32f901-dfc0-46a9-8969-61034a389fdc","module":"render","projectId":"69fb3e52f98907ac3bcbde81","fileId":"69fb4627fe6f6cd43988ae5c","latexHash":"28bf7f07061a6eb8e668542d76bcb6a4a1bec880a27da832a2a5bc65e0f01f80"}
{"level":"info","time":"2026-05-06T13:46:28.863Z","message":"HTTP request","request":"de32f901-dfc0-46a9-8969-61034a389fdc GET /api/v1/projects/69fb3e52f98907ac3bcbde81/preview.pdf 200 172.226 ms 25274"}
{"level":"debug","time":"2026-05-06T13:46:30.505Z","message":"Authenticated user synced","requestId":"94426f68-2f56-46ef-baee-e51fb9ebcec8","module":"users","userId":"69fb3e33fbf4e54f67899a62"}
{"level":"info","time":"2026-05-06T13:46:30.571Z","message":"HTTP request","request":"94426f68-2f56-46ef-baee-e51fb9ebcec8 GET /api/v1/me/context 200 96.513 ms 27065"}
{"level":"debug","time":"2026-05-06T13:46:30.705Z","message":"Authenticated user synced","requestId":"a29bd62b-7a61-45d1-aa02-f6fd50db6d16","module":"users","userId":"69fb3e33fbf4e54f67899a62"}
{"level":"debug","time":"2026-05-06T13:46:30.733Z","message":"Authenticated user synced","requestId":"a29bd62b-7a61-45d1-aa02-f6fd50db6d16","module":"users","userId":"69fb3e33fbf4e54f67899a62"}
{"level":"debug","time":"2026-05-06T13:46:30.761Z","message":"Authenticated user synced","requestId":"a29bd62b-7a61-45d1-aa02-f6fd50db6d16","module":"users","userId":"69fb3e33fbf4e54f67899a62"}
{"level":"info","time":"2026-05-06T13:46:30.844Z","message":"project.pdf.cache.hit","requestId":"a29bd62b-7a61-45d1-aa02-f6fd50db6d16","module":"render","projectId":"69fb3e52f98907ac3bcbde81","fileId":"69fb4627fe6f6cd43988ae5c","latexHash":"28bf7f07061a6eb8e668542d76bcb6a4a1bec880a27da832a2a5bc65e0f01f80"}
{"level":"info","time":"2026-05-06T13:46:30.845Z","message":"HTTP request","request":"a29bd62b-7a61-45d1-aa02-f6fd50db6d16 GET /api/v1/projects/69fb3e52f98907ac3bcbde81/preview.pdf 200 170.122 ms 25274"}
{"level":"debug","time":"2026-05-06T13:46:33.906Z","message":"Authenticated user synced","requestId":"83b01bb6-0a05-460f-985a-ae5594c5c98a","module":"users","userId":"69fb3e33fbf4e54f67899a62"}
{"level":"debug","time":"2026-05-06T13:46:33.937Z","message":"Authenticated user synced","requestId":"83b01bb6-0a05-460f-985a-ae5594c5c98a","module":"users","userId":"69fb3e33fbf4e54f67899a62"}
{"level":"debug","time":"2026-05-06T13:46:33.967Z","message":"Authenticated user synced","requestId":"83b01bb6-0a05-460f-985a-ae5594c5c98a","module":"users","userId":"69fb3e33fbf4e54f67899a62"}
{"level":"info","time":"2026-05-06T13:46:34.046Z","message":"project.pdf.cache.hit","requestId":"83b01bb6-0a05-460f-985a-ae5594c5c98a","module":"render","projectId":"69fb45bafe6f6cd43988ae4c","fileId":"69fb45defe6f6cd43988ae52","latexHash":"28bf7f07061a6eb8e668542d76bcb6a4a1bec880a27da832a2a5bc65e0f01f80"}
{"level":"info","time":"2026-05-06T13:46:34.049Z","message":"HTTP request","request":"83b01bb6-0a05-460f-985a-ae5594c5c98a GET /api/v1/projects/69fb45bafe6f6cd43988ae4c/preview.pdf 200 177.567 ms 25277"}
{"level":"debug","time":"2026-05-06T13:46:38.357Z","message":"Authenticated user synced","requestId":"a205a1e2-9d86-4e27-b037-ad69884a70ec","module":"users","userId":"69fb3e33fbf4e54f67899a62"}
{"level":"debug","time":"2026-05-06T13:46:38.385Z","message":"Authenticated user synced","requestId":"a205a1e2-9d86-4e27-b037-ad69884a70ec","module":"users","userId":"69fb3e33fbf4e54f67899a62"}
{"level":"debug","time":"2026-05-06T13:46:38.410Z","message":"Authenticated user synced","requestId":"a205a1e2-9d86-4e27-b037-ad69884a70ec","module":"users","userId":"69fb3e33fbf4e54f67899a62"}
{"level":"info","time":"2026-05-06T13:46:38.486Z","message":"project.pdf.cache.hit","requestId":"a205a1e2-9d86-4e27-b037-ad69884a70ec","module":"render","projectId":"69fb3e52f98907ac3bcbde81","fileId":"69fb4627fe6f6cd43988ae5c","latexHash":"28bf7f07061a6eb8e668542d76bcb6a4a1bec880a27da832a2a5bc65e0f01f80"}
{"level":"info","time":"2026-05-06T13:46:38.488Z","message":"HTTP request","request":"a205a1e2-9d86-4e27-b037-ad69884a70ec GET /api/v1/projects/69fb3e52f98907ac3bcbde81/preview.pdf 200 162.952 ms 25274"}
{"level":"debug","time":"2026-05-06T13:46:49.080Z","message":"Authenticated user synced","requestId":"197268ec-19a9-45b4-8c05-718c889daed6","module":"users","userId":"69fb3e33fbf4e54f67899a62"}
{"level":"debug","time":"2026-05-06T13:46:49.107Z","message":"Authenticated user synced","requestId":"197268ec-19a9-45b4-8c05-718c889daed6","module":"users","userId":"69fb3e33fbf4e54f67899a62"}
{"level":"debug","time":"2026-05-06T13:46:49.135Z","message":"Authenticated user synced","requestId":"197268ec-19a9-45b4-8c05-718c889daed6","module":"users","userId":"69fb3e33fbf4e54f67899a62"}
{"level":"info","time":"2026-05-06T13:46:49.269Z","message":"project.chat.context.loaded","requestId":"197268ec-19a9-45b4-8c05-718c889daed6","module":"projects","projectId":"69fb3e52f98907ac3bcbde81","resumeId":"69fb3e41f98907ac3bcbde6e","messageCount":3,"hasSourceDocument":true,"hasFallbackRawText":true}
{"level":"info","time":"2026-05-06T13:46:54.796Z","message":"HTTP request","request":"197268ec-19a9-45b4-8c05-718c889daed6 POST /api/v1/projects/69fb3e52f98907ac3bcbde81/messages 200 5788.032 ms 13157"}
{"level":"debug","time":"2026-05-06T13:46:54.883Z","message":"Authenticated user synced","requestId":"e540f45a-2455-4b64-b34d-750ef471ed4c","module":"users","userId":"69fb3e33fbf4e54f67899a62"}
{"level":"debug","time":"2026-05-06T13:46:54.910Z","message":"Authenticated user synced","requestId":"e540f45a-2455-4b64-b34d-750ef471ed4c","module":"users","userId":"69fb3e33fbf4e54f67899a62"}
{"level":"debug","time":"2026-05-06T13:46:54.937Z","message":"Authenticated user synced","requestId":"e540f45a-2455-4b64-b34d-750ef471ed4c","module":"users","userId":"69fb3e33fbf4e54f67899a62"}
{"level":"info","time":"2026-05-06T13:46:55.020Z","message":"project.pdf.cache.hit","requestId":"e540f45a-2455-4b64-b34d-750ef471ed4c","module":"render","projectId":"69fb3e52f98907ac3bcbde81","fileId":"69fb4627fe6f6cd43988ae5c","latexHash":"28bf7f07061a6eb8e668542d76bcb6a4a1bec880a27da832a2a5bc65e0f01f80"}
{"level":"info","time":"2026-05-06T13:46:55.022Z","message":"HTTP request","request":"e540f45a-2455-4b64-b34d-750ef471ed4c GET /api/v1/projects/69fb3e52f98907ac3bcbde81/preview.pdf 200 166.546 ms 25274"}
{"level":"debug","time":"2026-05-06T13:47:15.463Z","message":"Authenticated user synced","requestId":"03261992-81ac-4cbc-be79-a56511979b8a","module":"users","userId":"69fb3e33fbf4e54f67899a62"}
{"level":"debug","time":"2026-05-06T13:47:15.497Z","message":"Authenticated user synced","requestId":"03261992-81ac-4cbc-be79-a56511979b8a","module":"users","userId":"69fb3e33fbf4e54f67899a62"}
{"level":"debug","time":"2026-05-06T13:47:15.528Z","message":"Authenticated user synced","requestId":"03261992-81ac-4cbc-be79-a56511979b8a","module":"users","userId":"69fb3e33fbf4e54f67899a62"}
{"level":"info","time":"2026-05-06T13:47:15.611Z","message":"project.pdf.cache.hit","requestId":"03261992-81ac-4cbc-be79-a56511979b8a","module":"render","projectId":"69fb3e52f98907ac3bcbde81","fileId":"69fb4627fe6f6cd43988ae5c","latexHash":"28bf7f07061a6eb8e668542d76bcb6a4a1bec880a27da832a2a5bc65e0f01f80"}
{"level":"info","time":"2026-05-06T13:47:15.613Z","message":"HTTP request","request":"03261992-81ac-4cbc-be79-a56511979b8a GET /api/v1/projects/69fb3e52f98907ac3bcbde81/download.pdf 200 177.624 ms 25274"}
